// Jest Snapshot v1, https://goo.gl/fbAQLP

exports[`NewPetForm that it matches the existing snapshot 1`] = `
<DocumentFragment>
  <div
    class="card pet-card"
  >
    <section
      class="pet-card--header"
    >
      ‚ùì  - Denali
      <button
        class="btn btn-primary pet-card--select-pet-btn"
      >
        Select
      </button>
      <button
        aria-label="Remove"
        class="btn btn-danger pet-card--remove-btn"
        type="button"
      >
        Remove
      </button>
    </section>
    <section
      class="pet-card--body"
    />
    <section
      class="pet-card--footer text-muted"
    >
      Seattle, WA
    </section>
  </div>
</DocumentFragment>
`;
